// Jest Snapshot v1, https://goo.gl/fbAQLP

exports[`BlockUser matches snapshot 1`] = `
<DocumentFragment>
  <div
    class="mb-12 flex justify-center"
  >
    <div
      class="w-full flex justify-center"
    >
      <div
        class="inline-block h-8 w-8 rounded-full animate-spin border-r-4 border-t-4 border-l-4  align-[-0.125em] motion-reduce:animate-[spin_1.5s_linear_infinite]"
        role="status"
      >
        <span
          class="!absolute !-m-px !h-px !w-px !overflow-hidden !whitespace-nowrap !border-0 !p-0 ![clip:rect(0,0,0,0)]"
        >
          Loading...
        </span>
      </div>
    </div>
  </div>
</DocumentFragment>
`;

exports[`BlockUser see contacts on the screen 1`] = `
<DocumentFragment>
  <div
    class="mb-12 flex justify-center"
  >
    <div
      class="w-full flex justify-center"
    >
      <div
        class="inline-block h-8 w-8 rounded-full animate-spin border-r-4 border-t-4 border-l-4  align-[-0.125em] motion-reduce:animate-[spin_1.5s_linear_infinite]"
        role="status"
      >
        <span
          class="!absolute !-m-px !h-px !w-px !overflow-hidden !whitespace-nowrap !border-0 !p-0 ![clip:rect(0,0,0,0)]"
        >
          Loading...
        </span>
      </div>
    </div>
  </div>
</DocumentFragment>
`;
