// Jest Snapshot v1, https://goo.gl/fbAQLP

exports[`Login matches snapshot 1`] = `
<DocumentFragment>
  <div
    class="flex w-full bg-primary text-white px-4 py-3 mb-8 justify-center items-center"
  >
    <p
      class="mr-8 font-medium"
    >
      Practice and learn Japanese
    </p>
    <a
      href="/study-buddies"
    >
      <button
        class="drop-shadow 
                inline-flex
                items-center
                justify-center
                gap-2
                bg-white 
                text-primary-dark 
                py-2 
                px-4 
                rounded-xl
                disabled:opacity-50 text-mobile-card-header font-medium}
                hover:opacity-75"
        data-testid=""
        type="button"
      >
        <span
          class="font-medium"
        >
          Study buddies
        </span>
      </button>
    </a>
  </div>
  <div
    class="mt-8 flex flex-col justify-center items-center mx-8"
  >
    <h1
      class="text-center mb-[56px] text-mobile-header-2"
    >
      Welcome back
    </h1>
    <form
      action="#"
      class="flex flex-col w-full max-w-[500px]"
    >
      <div
        class="flex flex-col w-full"
      >
        <label
          class="mb-2 
            text-mobile-section-header
            font-medium"
          for="username"
        >
          Username or email
        </label>
        <input
          class="mb-2 
            rounded-ml py-3 px-4 text-black
             placeholder-gray
             undefined"
          id="username"
          name="username"
          type="text"
          value=""
        />
      </div>
      <div
        class="flex flex-col w-full"
      >
        <label
          class="mb-2 
            text-mobile-section-header
            font-medium"
          for="password"
        >
          Password
        </label>
        <input
          class="mb-2 
            rounded-ml py-3 px-4 text-black
             placeholder-gray
             undefined"
          id="password"
          name="password"
          placeholder=""
          type="password"
          value=""
        />
      </div>
      <button
        class="drop-shadow 
                inline-flex
                items-center
                justify-center
                gap-2
                bg-primary border-primary 
                text-white 
                py-3 
                px-4 
                rounded-xl
                disabled:opacity-50 mt-12
                hover:opacity-75"
        data-testid="data-testid=loginFormLogin"
        type="submit"
      >
        <span
          class="font-medium"
        >
          Login
        </span>
      </button>
      <p
        class="mt-2 text-center text-gray-text"
      >
        Forgot password?
        <span
          class="text-link hover:text-primary"
        >
          <a
            href="/change-password"
          >
             Click here to reset
          </a>
        </span>
      </p>
      <button
        class="drop-shadow 
                inline-flex
                items-center
                justify-center
                gap-2
                bg-white 
                text-primary 
                py-3 
                px-4 
                rounded-xl
                disabled:opacity-50 mt-8 border mb-[76px]
                hover:opacity-75"
        data-testid=""
        type="button"
      >
        <a
          class="font-medium"
          href="/register"
        >
          Register free account
        </a>
      </button>
    </form>
  </div>
</DocumentFragment>
`;
