// Jest Snapshot v1, https://goo.gl/fbAQLP

exports[`Logout matches snapshot 1`] = `<DocumentFragment />`;
