// Jest Snapshot v1, https://goo.gl/fbAQLP

exports[`Message matches snapshot 1`] = `<DocumentFragment />`;
