// Jest Snapshot v1, https://goo.gl/fbAQLP

exports[`MessageMain matches snapshot 1`] = `<DocumentFragment />`;
