// Jest Snapshot v1, https://goo.gl/fbAQLP

exports[`Edit Study buddy matches snapshot 1`] = `<DocumentFragment />`;
