// Jest Snapshot v1, https://goo.gl/fbAQLP

exports[`Edit MyWay matches snapshot 1`] = `<DocumentFragment />`;
