// Jest Snapshot v1, https://goo.gl/fbAQLP

exports[`Register matches snapshot 1`] = `<DocumentFragment />`;
