// Jest Snapshot v1, https://goo.gl/fbAQLP

exports[`SavedUsers matches snapshot 1`] = `
<DocumentFragment>
  <div
    class="px-2 border-t border-t-gray-stroke "
  >
    <h1
      class="my-3 py-4 px-2 text-center text-mobile-header-2 font-bold text-primary-dark"
      data-testid="pageTitle"
    >
      Saved users
    </h1>
    <div
      class=" my-24"
    >
      <div
        class="w-full flex justify-center"
      >
        <div
          class="inline-block h-8 w-8 rounded-full animate-spin border-r-4 border-t-4 border-l-4  align-[-0.125em] motion-reduce:animate-[spin_1.5s_linear_infinite]"
          role="status"
        >
          <span
            class="!absolute !-m-px !h-px !w-px !overflow-hidden !whitespace-nowrap !border-0 !p-0 ![clip:rect(0,0,0,0)]"
          >
            Loading...
          </span>
        </div>
      </div>
    </div>
  </div>
</DocumentFragment>
`;
