// Jest Snapshot v1, https://goo.gl/fbAQLP

exports[`StudySupport matches snapshot 1`] = `<DocumentFragment />`;
