// Jest Snapshot v1, https://goo.gl/fbAQLP

exports[`UnblockUser matches snapshot 1`] = `<DocumentFragment />`;
